asfga asdabasdjabsf _ _ _ has3l asd has3l
